[0.351s] Invoking command in '/home/ros/ros2_ws/build/robot_description': CMAKE_PREFIX_PATH=${CMAKE_PREFIX_PATH}:/home/ros/ros2_ws/install/robot_bringup:/home/ros/ros2_ws/install/follow_waypoints:/opt/ros/humble /usr/bin/cmake --build /home/ros/ros2_ws/build/robot_description -- -j16 -l16
[0.386s] Invoked command in '/home/ros/ros2_ws/build/robot_description' returned '0': CMAKE_PREFIX_PATH=${CMAKE_PREFIX_PATH}:/home/ros/ros2_ws/install/robot_bringup:/home/ros/ros2_ws/install/follow_waypoints:/opt/ros/humble /usr/bin/cmake --build /home/ros/ros2_ws/build/robot_description -- -j16 -l16
[0.395s] Invoking command in '/home/ros/ros2_ws/build/robot_description': CMAKE_PREFIX_PATH=${CMAKE_PREFIX_PATH}:/home/ros/ros2_ws/install/robot_bringup:/home/ros/ros2_ws/install/follow_waypoints:/opt/ros/humble /usr/bin/cmake --install /home/ros/ros2_ws/build/robot_description
[0.402s] -- Install configuration: ""
[0.402s] -- Execute custom install script
[0.402s] -- Up-to-date symlink: /home/ros/ros2_ws/install/robot_description/share/ament_index/resource_index/package_run_dependencies/robot_description
[0.403s] -- Up-to-date symlink: /home/ros/ros2_ws/install/robot_description/share/ament_index/resource_index/parent_prefix_path/robot_description
[0.403s] -- Up-to-date symlink: /home/ros/ros2_ws/install/robot_description/share/robot_description/environment/ament_prefix_path.sh
[0.403s] -- Up-to-date symlink: /home/ros/ros2_ws/install/robot_description/share/robot_description/environment/ament_prefix_path.dsv
[0.403s] -- Up-to-date symlink: /home/ros/ros2_ws/install/robot_description/share/robot_description/environment/path.sh
[0.403s] -- Up-to-date symlink: /home/ros/ros2_ws/install/robot_description/share/robot_description/environment/path.dsv
[0.403s] -- Up-to-date symlink: /home/ros/ros2_ws/install/robot_description/share/robot_description/local_setup.bash
[0.403s] -- Up-to-date symlink: /home/ros/ros2_ws/install/robot_description/share/robot_description/local_setup.sh
[0.403s] -- Up-to-date symlink: /home/ros/ros2_ws/install/robot_description/share/robot_description/local_setup.zsh
[0.403s] -- Up-to-date symlink: /home/ros/ros2_ws/install/robot_description/share/robot_description/local_setup.dsv
[0.404s] -- Symlinking: /home/ros/ros2_ws/install/robot_description/share/robot_description/package.dsv
[0.413s] -- Up-to-date symlink: /home/ros/ros2_ws/install/robot_description/share/ament_index/resource_index/packages/robot_description
[0.413s] -- Up-to-date symlink: /home/ros/ros2_ws/install/robot_description/share/robot_description/cmake/robot_descriptionConfig.cmake
[0.413s] -- Up-to-date symlink: /home/ros/ros2_ws/install/robot_description/share/robot_description/cmake/robot_descriptionConfig-version.cmake
[0.413s] -- Up-to-date symlink: /home/ros/ros2_ws/install/robot_description/share/robot_description/package.xml
[0.415s] Invoked command in '/home/ros/ros2_ws/build/robot_description' returned '0': CMAKE_PREFIX_PATH=${CMAKE_PREFIX_PATH}:/home/ros/ros2_ws/install/robot_bringup:/home/ros/ros2_ws/install/follow_waypoints:/opt/ros/humble /usr/bin/cmake --install /home/ros/ros2_ws/build/robot_description
