[0.385s] Invoking command in '/home/ros/ros2_ws/build/robot_description': CMAKE_PREFIX_PATH=${CMAKE_PREFIX_PATH}:/home/ros/ros2_ws/install/robot_bringup:/home/ros/ros2_ws/install/follow_waypoints:/home/ros/install/robot_bringup:/home/ros/install/follow_waypoints:/opt/ros/humble /usr/bin/cmake --build /home/ros/ros2_ws/build/robot_description -- -j16 -l16
[0.528s] -- Found ament_cmake: 1.3.12 (/opt/ros/humble/share/ament_cmake/cmake)
[0.626s] -- Override CMake install command with custom implementation using symlinks instead of copying resources
[0.640s] -- Found ament_lint_auto: 0.12.14 (/opt/ros/humble/share/ament_lint_auto/cmake)
[0.700s] -- Added test 'lint_cmake' to check CMake code style
[0.701s] -- Added test 'xmllint' to check XML markup files
[0.703s] -- Configuring done
[0.738s] -- Generating done
[0.740s] -- Build files have been written to: /home/ros/ros2_ws/build/robot_description
[0.763s] Invoked command in '/home/ros/ros2_ws/build/robot_description' returned '0': CMAKE_PREFIX_PATH=${CMAKE_PREFIX_PATH}:/home/ros/ros2_ws/install/robot_bringup:/home/ros/ros2_ws/install/follow_waypoints:/home/ros/install/robot_bringup:/home/ros/install/follow_waypoints:/opt/ros/humble /usr/bin/cmake --build /home/ros/ros2_ws/build/robot_description -- -j16 -l16
[0.791s] Invoking command in '/home/ros/ros2_ws/build/robot_description': CMAKE_PREFIX_PATH=${CMAKE_PREFIX_PATH}:/home/ros/ros2_ws/install/robot_bringup:/home/ros/ros2_ws/install/follow_waypoints:/home/ros/install/robot_bringup:/home/ros/install/follow_waypoints:/opt/ros/humble /usr/bin/cmake --install /home/ros/ros2_ws/build/robot_description
[0.797s] -- Install configuration: ""
[0.798s] -- Execute custom install script
[0.821s] -- Up-to-date symlink: /home/ros/ros2_ws/install/robot_description/share/ament_index/resource_index/package_run_dependencies/robot_description
[0.821s] -- Up-to-date symlink: /home/ros/ros2_ws/install/robot_description/share/ament_index/resource_index/parent_prefix_path/robot_description
[0.822s] -- Up-to-date symlink: /home/ros/ros2_ws/install/robot_description/share/robot_description/environment/ament_prefix_path.sh
[0.822s] -- Up-to-date symlink: /home/ros/ros2_ws/install/robot_description/share/robot_description/environment/ament_prefix_path.dsv
[0.822s] -- Up-to-date symlink: /home/ros/ros2_ws/install/robot_description/share/robot_description/environment/path.sh
[0.822s] -- Up-to-date symlink: /home/ros/ros2_ws/install/robot_description/share/robot_description/environment/path.dsv
[0.822s] -- Up-to-date symlink: /home/ros/ros2_ws/install/robot_description/share/robot_description/local_setup.bash
[0.822s] -- Up-to-date symlink: /home/ros/ros2_ws/install/robot_description/share/robot_description/local_setup.sh
[0.823s] -- Up-to-date symlink: /home/ros/ros2_ws/install/robot_description/share/robot_description/local_setup.zsh
[0.823s] -- Up-to-date symlink: /home/ros/ros2_ws/install/robot_description/share/robot_description/local_setup.dsv
[0.823s] -- Symlinking: /home/ros/ros2_ws/install/robot_description/share/robot_description/package.dsv
[0.833s] -- Up-to-date symlink: /home/ros/ros2_ws/install/robot_description/share/ament_index/resource_index/packages/robot_description
[0.833s] -- Up-to-date symlink: /home/ros/ros2_ws/install/robot_description/share/robot_description/cmake/robot_descriptionConfig.cmake
[0.833s] -- Up-to-date symlink: /home/ros/ros2_ws/install/robot_description/share/robot_description/cmake/robot_descriptionConfig-version.cmake
[0.833s] -- Up-to-date symlink: /home/ros/ros2_ws/install/robot_description/share/robot_description/package.xml
[0.833s] -- Symlinking: /home/ros/ros2_ws/install/robot_description/share/robot_description/urdf/patrol_robot.xacro
[0.842s] Invoked command in '/home/ros/ros2_ws/build/robot_description' returned '0': CMAKE_PREFIX_PATH=${CMAKE_PREFIX_PATH}:/home/ros/ros2_ws/install/robot_bringup:/home/ros/ros2_ws/install/follow_waypoints:/home/ros/install/robot_bringup:/home/ros/install/follow_waypoints:/opt/ros/humble /usr/bin/cmake --install /home/ros/ros2_ws/build/robot_description
