[0.543s] DEBUG:colcon:Command line arguments: ['/usr/bin/colcon', 'build', '--symlink-install']
[0.543s] DEBUG:colcon:Parsed command line arguments: Namespace(log_base=None, log_level=None, verb_name='build', build_base='build', install_base='install', merge_install=False, symlink_install=True, test_result_base=None, continue_on_error=False, executor='parallel', parallel_workers=16, event_handlers=None, ignore_user_meta=False, metas=['./colcon.meta'], base_paths=['.'], packages_ignore=None, packages_ignore_regex=None, paths=None, packages_up_to=None, packages_up_to_regex=None, packages_above=None, packages_above_and_dependencies=None, packages_above_depth=None, packages_select_by_dep=None, packages_skip_by_dep=None, packages_skip_up_to=None, packages_select_build_failed=False, packages_skip_build_finished=False, packages_select_test_failures=False, packages_skip_test_passed=False, packages_select=None, packages_skip=None, packages_select_regex=None, packages_skip_regex=None, packages_start=None, packages_end=None, cmake_args=None, cmake_target=None, cmake_target_skip_unavailable=False, cmake_clean_cache=False, cmake_clean_first=False, cmake_force_configure=False, ament_cmake_args=None, catkin_cmake_args=None, catkin_skip_building_tests=False, mixin_files=None, mixin=None, verb_parser=<colcon_mixin.mixin.mixin_argument.MixinArgumentDecorator object at 0x7e7008e1fa30>, verb_extension=<colcon_core.verb.build.BuildVerb object at 0x7e7008f6ca30>, main=<bound method BuildVerb.main of <colcon_core.verb.build.BuildVerb object at 0x7e7008f6ca30>>, mixin_verb=('build',))
[2.557s] Level 1:colcon.colcon_core.package_discovery:discover_packages(colcon_meta) check parameters
[2.557s] Level 1:colcon.colcon_core.package_discovery:discover_packages(recursive) check parameters
[2.557s] Level 1:colcon.colcon_core.package_discovery:discover_packages(ignore) check parameters
[2.557s] Level 1:colcon.colcon_core.package_discovery:discover_packages(path) check parameters
[2.557s] Level 1:colcon.colcon_core.package_discovery:discover_packages(colcon_meta) discover
[2.557s] Level 1:colcon.colcon_core.package_discovery:discover_packages(recursive) discover
[2.557s] INFO:colcon.colcon_core.package_discovery:Crawling recursively for packages in '/home/ros/ros2_ws'
[2.557s] Level 1:colcon.colcon_core.package_identification:_identify(.) by extensions ['ignore', 'ignore_ament_install']
[2.557s] Level 1:colcon.colcon_core.package_identification:_identify(.) by extension 'ignore'
[2.557s] Level 1:colcon.colcon_core.package_identification:_identify(.) by extension 'ignore_ament_install'
[2.558s] Level 1:colcon.colcon_core.package_identification:_identify(.) by extensions ['colcon_pkg']
[2.558s] Level 1:colcon.colcon_core.package_identification:_identify(.) by extension 'colcon_pkg'
[2.558s] Level 1:colcon.colcon_core.package_identification:_identify(.) by extensions ['colcon_meta']
[2.558s] Level 1:colcon.colcon_core.package_identification:_identify(.) by extension 'colcon_meta'
[2.558s] Level 1:colcon.colcon_core.package_identification:_identify(.) by extensions ['ros']
[2.558s] Level 1:colcon.colcon_core.package_identification:_identify(.) by extension 'ros'
[2.620s] Level 1:colcon.colcon_core.package_identification:_identify(.) by extensions ['cmake', 'python']
[2.620s] Level 1:colcon.colcon_core.package_identification:_identify(.) by extension 'cmake'
[2.620s] Level 1:colcon.colcon_core.package_identification:_identify(.) by extension 'python'
[2.620s] Level 1:colcon.colcon_core.package_identification:_identify(.) by extensions ['python_setup_py']
[2.620s] Level 1:colcon.colcon_core.package_identification:_identify(.) by extension 'python_setup_py'
[2.621s] Level 1:colcon.colcon_core.package_identification:_identify(build) by extensions ['ignore', 'ignore_ament_install']
[2.621s] Level 1:colcon.colcon_core.package_identification:_identify(build) by extension 'ignore'
[2.621s] Level 1:colcon.colcon_core.package_identification:_identify(build) ignored
[2.621s] Level 1:colcon.colcon_core.package_identification:_identify(install) by extensions ['ignore', 'ignore_ament_install']
[2.621s] Level 1:colcon.colcon_core.package_identification:_identify(install) by extension 'ignore'
[2.621s] Level 1:colcon.colcon_core.package_identification:_identify(install) ignored
[2.621s] Level 1:colcon.colcon_core.package_identification:_identify(log) by extensions ['ignore', 'ignore_ament_install']
[2.621s] Level 1:colcon.colcon_core.package_identification:_identify(log) by extension 'ignore'
[2.621s] Level 1:colcon.colcon_core.package_identification:_identify(log) ignored
[2.621s] Level 1:colcon.colcon_core.package_identification:_identify(src) by extensions ['ignore', 'ignore_ament_install']
[2.621s] Level 1:colcon.colcon_core.package_identification:_identify(src) by extension 'ignore'
[2.621s] Level 1:colcon.colcon_core.package_identification:_identify(src) by extension 'ignore_ament_install'
[2.621s] Level 1:colcon.colcon_core.package_identification:_identify(src) by extensions ['colcon_pkg']
[2.621s] Level 1:colcon.colcon_core.package_identification:_identify(src) by extension 'colcon_pkg'
[2.621s] Level 1:colcon.colcon_core.package_identification:_identify(src) by extensions ['colcon_meta']
[2.621s] Level 1:colcon.colcon_core.package_identification:_identify(src) by extension 'colcon_meta'
[2.621s] Level 1:colcon.colcon_core.package_identification:_identify(src) by extensions ['ros']
[2.621s] Level 1:colcon.colcon_core.package_identification:_identify(src) by extension 'ros'
[2.621s] Level 1:colcon.colcon_core.package_identification:_identify(src) by extensions ['cmake', 'python']
[2.621s] Level 1:colcon.colcon_core.package_identification:_identify(src) by extension 'cmake'
[2.621s] Level 1:colcon.colcon_core.package_identification:_identify(src) by extension 'python'
[2.622s] Level 1:colcon.colcon_core.package_identification:_identify(src) by extensions ['python_setup_py']
[2.622s] Level 1:colcon.colcon_core.package_identification:_identify(src) by extension 'python_setup_py'
[2.622s] Level 1:colcon.colcon_core.package_identification:_identify(src/follow_waypoints) by extensions ['ignore', 'ignore_ament_install']
[2.622s] Level 1:colcon.colcon_core.package_identification:_identify(src/follow_waypoints) by extension 'ignore'
[2.622s] Level 1:colcon.colcon_core.package_identification:_identify(src/follow_waypoints) by extension 'ignore_ament_install'
[2.622s] Level 1:colcon.colcon_core.package_identification:_identify(src/follow_waypoints) by extensions ['colcon_pkg']
[2.622s] Level 1:colcon.colcon_core.package_identification:_identify(src/follow_waypoints) by extension 'colcon_pkg'
[2.622s] Level 1:colcon.colcon_core.package_identification:_identify(src/follow_waypoints) by extensions ['colcon_meta']
[2.622s] Level 1:colcon.colcon_core.package_identification:_identify(src/follow_waypoints) by extension 'colcon_meta'
[2.622s] Level 1:colcon.colcon_core.package_identification:_identify(src/follow_waypoints) by extensions ['ros']
[2.622s] Level 1:colcon.colcon_core.package_identification:_identify(src/follow_waypoints) by extension 'ros'
[2.636s] DEBUG:colcon.colcon_core.package_identification:Package 'src/follow_waypoints' with type 'ros.ament_python' and name 'follow_waypoints'
[2.636s] Level 1:colcon.colcon_core.package_identification:_identify(src/robot_bringup) by extensions ['ignore', 'ignore_ament_install']
[2.636s] Level 1:colcon.colcon_core.package_identification:_identify(src/robot_bringup) by extension 'ignore'
[2.636s] Level 1:colcon.colcon_core.package_identification:_identify(src/robot_bringup) by extension 'ignore_ament_install'
[2.636s] Level 1:colcon.colcon_core.package_identification:_identify(src/robot_bringup) by extensions ['colcon_pkg']
[2.636s] Level 1:colcon.colcon_core.package_identification:_identify(src/robot_bringup) by extension 'colcon_pkg'
[2.636s] Level 1:colcon.colcon_core.package_identification:_identify(src/robot_bringup) by extensions ['colcon_meta']
[2.636s] Level 1:colcon.colcon_core.package_identification:_identify(src/robot_bringup) by extension 'colcon_meta'
[2.636s] Level 1:colcon.colcon_core.package_identification:_identify(src/robot_bringup) by extensions ['ros']
[2.636s] Level 1:colcon.colcon_core.package_identification:_identify(src/robot_bringup) by extension 'ros'
[2.637s] DEBUG:colcon.colcon_core.package_identification:Package 'src/robot_bringup' with type 'ros.ament_python' and name 'robot_bringup'
[2.637s] Level 1:colcon.colcon_core.package_identification:_identify(src/robot_description) by extensions ['ignore', 'ignore_ament_install']
[2.637s] Level 1:colcon.colcon_core.package_identification:_identify(src/robot_description) by extension 'ignore'
[2.637s] Level 1:colcon.colcon_core.package_identification:_identify(src/robot_description) by extension 'ignore_ament_install'
[2.637s] Level 1:colcon.colcon_core.package_identification:_identify(src/robot_description) by extensions ['colcon_pkg']
[2.637s] Level 1:colcon.colcon_core.package_identification:_identify(src/robot_description) by extension 'colcon_pkg'
[2.637s] Level 1:colcon.colcon_core.package_identification:_identify(src/robot_description) by extensions ['colcon_meta']
[2.637s] Level 1:colcon.colcon_core.package_identification:_identify(src/robot_description) by extension 'colcon_meta'
[2.637s] Level 1:colcon.colcon_core.package_identification:_identify(src/robot_description) by extensions ['ros']
[2.637s] Level 1:colcon.colcon_core.package_identification:_identify(src/robot_description) by extension 'ros'
[2.638s] DEBUG:colcon.colcon_core.package_identification:Package 'src/robot_description' with type 'ros.ament_cmake' and name 'robot_description'
[2.638s] Level 1:colcon.colcon_core.package_discovery:discover_packages(recursive) using defaults
[2.638s] Level 1:colcon.colcon_core.package_discovery:discover_packages(ignore) discover
[2.638s] Level 1:colcon.colcon_core.package_discovery:discover_packages(ignore) using defaults
[2.638s] Level 1:colcon.colcon_core.package_discovery:discover_packages(path) discover
[2.638s] Level 1:colcon.colcon_core.package_discovery:discover_packages(path) using defaults
[2.844s] Level 5:colcon.colcon_core.verb:set package 'follow_waypoints' build argument 'cmake_args' from command line to 'None'
[2.844s] Level 5:colcon.colcon_core.verb:set package 'follow_waypoints' build argument 'cmake_target' from command line to 'None'
[2.844s] Level 5:colcon.colcon_core.verb:set package 'follow_waypoints' build argument 'cmake_target_skip_unavailable' from command line to 'False'
[2.844s] Level 5:colcon.colcon_core.verb:set package 'follow_waypoints' build argument 'cmake_clean_cache' from command line to 'False'
[2.844s] Level 5:colcon.colcon_core.verb:set package 'follow_waypoints' build argument 'cmake_clean_first' from command line to 'False'
[2.844s] Level 5:colcon.colcon_core.verb:set package 'follow_waypoints' build argument 'cmake_force_configure' from command line to 'False'
[2.844s] Level 5:colcon.colcon_core.verb:set package 'follow_waypoints' build argument 'ament_cmake_args' from command line to 'None'
[2.844s] Level 5:colcon.colcon_core.verb:set package 'follow_waypoints' build argument 'catkin_cmake_args' from command line to 'None'
[2.844s] Level 5:colcon.colcon_core.verb:set package 'follow_waypoints' build argument 'catkin_skip_building_tests' from command line to 'False'
[2.844s] DEBUG:colcon.colcon_core.verb:Building package 'follow_waypoints' with the following arguments: {'ament_cmake_args': None, 'build_base': '/home/ros/ros2_ws/build/follow_waypoints', 'catkin_cmake_args': None, 'catkin_skip_building_tests': False, 'cmake_args': None, 'cmake_clean_cache': False, 'cmake_clean_first': False, 'cmake_force_configure': False, 'cmake_target': None, 'cmake_target_skip_unavailable': False, 'install_base': '/home/ros/ros2_ws/install/follow_waypoints', 'merge_install': False, 'path': '/home/ros/ros2_ws/src/follow_waypoints', 'symlink_install': True, 'test_result_base': None}
[2.844s] Level 5:colcon.colcon_core.verb:set package 'robot_bringup' build argument 'cmake_args' from command line to 'None'
[2.844s] Level 5:colcon.colcon_core.verb:set package 'robot_bringup' build argument 'cmake_target' from command line to 'None'
[2.844s] Level 5:colcon.colcon_core.verb:set package 'robot_bringup' build argument 'cmake_target_skip_unavailable' from command line to 'False'
[2.844s] Level 5:colcon.colcon_core.verb:set package 'robot_bringup' build argument 'cmake_clean_cache' from command line to 'False'
[2.844s] Level 5:colcon.colcon_core.verb:set package 'robot_bringup' build argument 'cmake_clean_first' from command line to 'False'
[2.844s] Level 5:colcon.colcon_core.verb:set package 'robot_bringup' build argument 'cmake_force_configure' from command line to 'False'
[2.844s] Level 5:colcon.colcon_core.verb:set package 'robot_bringup' build argument 'ament_cmake_args' from command line to 'None'
[2.844s] Level 5:colcon.colcon_core.verb:set package 'robot_bringup' build argument 'catkin_cmake_args' from command line to 'None'
[2.844s] Level 5:colcon.colcon_core.verb:set package 'robot_bringup' build argument 'catkin_skip_building_tests' from command line to 'False'
[2.844s] DEBUG:colcon.colcon_core.verb:Building package 'robot_bringup' with the following arguments: {'ament_cmake_args': None, 'build_base': '/home/ros/ros2_ws/build/robot_bringup', 'catkin_cmake_args': None, 'catkin_skip_building_tests': False, 'cmake_args': None, 'cmake_clean_cache': False, 'cmake_clean_first': False, 'cmake_force_configure': False, 'cmake_target': None, 'cmake_target_skip_unavailable': False, 'install_base': '/home/ros/ros2_ws/install/robot_bringup', 'merge_install': False, 'path': '/home/ros/ros2_ws/src/robot_bringup', 'symlink_install': True, 'test_result_base': None}
[2.845s] Level 5:colcon.colcon_core.verb:set package 'robot_description' build argument 'cmake_args' from command line to 'None'
[2.845s] Level 5:colcon.colcon_core.verb:set package 'robot_description' build argument 'cmake_target' from command line to 'None'
[2.845s] Level 5:colcon.colcon_core.verb:set package 'robot_description' build argument 'cmake_target_skip_unavailable' from command line to 'False'
[2.845s] Level 5:colcon.colcon_core.verb:set package 'robot_description' build argument 'cmake_clean_cache' from command line to 'False'
[2.845s] Level 5:colcon.colcon_core.verb:set package 'robot_description' build argument 'cmake_clean_first' from command line to 'False'
[2.845s] Level 5:colcon.colcon_core.verb:set package 'robot_description' build argument 'cmake_force_configure' from command line to 'False'
[2.845s] Level 5:colcon.colcon_core.verb:set package 'robot_description' build argument 'ament_cmake_args' from command line to 'None'
[2.845s] Level 5:colcon.colcon_core.verb:set package 'robot_description' build argument 'catkin_cmake_args' from command line to 'None'
[2.845s] Level 5:colcon.colcon_core.verb:set package 'robot_description' build argument 'catkin_skip_building_tests' from command line to 'False'
[2.845s] DEBUG:colcon.colcon_core.verb:Building package 'robot_description' with the following arguments: {'ament_cmake_args': None, 'build_base': '/home/ros/ros2_ws/build/robot_description', 'catkin_cmake_args': None, 'catkin_skip_building_tests': False, 'cmake_args': None, 'cmake_clean_cache': False, 'cmake_clean_first': False, 'cmake_force_configure': False, 'cmake_target': None, 'cmake_target_skip_unavailable': False, 'install_base': '/home/ros/ros2_ws/install/robot_description', 'merge_install': False, 'path': '/home/ros/ros2_ws/src/robot_description', 'symlink_install': True, 'test_result_base': None}
[2.845s] INFO:colcon.colcon_core.executor:Executing jobs using 'parallel' executor
[2.846s] DEBUG:colcon.colcon_parallel_executor.executor.parallel:run_until_complete
[2.846s] INFO:colcon.colcon_ros.task.ament_python.build:Building ROS package in '/home/ros/ros2_ws/src/follow_waypoints' with build type 'ament_python'
[2.846s] Level 1:colcon.colcon_core.shell:create_environment_hook('follow_waypoints', 'ament_prefix_path')
[2.881s] INFO:colcon.colcon_core.plugin_system:Skipping extension 'colcon_core.shell.bat': Not used on non-Windows systems
[2.882s] INFO:colcon.colcon_core.shell:Creating environment hook '/home/ros/ros2_ws/install/follow_waypoints/share/follow_waypoints/hook/ament_prefix_path.ps1'
[2.883s] INFO:colcon.colcon_core.shell:Creating environment descriptor '/home/ros/ros2_ws/install/follow_waypoints/share/follow_waypoints/hook/ament_prefix_path.dsv'
[2.883s] INFO:colcon.colcon_core.shell:Creating environment hook '/home/ros/ros2_ws/install/follow_waypoints/share/follow_waypoints/hook/ament_prefix_path.sh'
[2.884s] INFO:colcon.colcon_core.shell:Skip shell extension 'powershell' for command environment: Not usable outside of PowerShell
[2.884s] DEBUG:colcon.colcon_core.shell:Skip shell extension 'dsv' for command environment
[2.905s] INFO:colcon.colcon_ros.task.ament_python.build:Building ROS package in '/home/ros/ros2_ws/src/robot_bringup' with build type 'ament_python'
[2.905s] Level 1:colcon.colcon_core.shell:create_environment_hook('robot_bringup', 'ament_prefix_path')
[2.905s] INFO:colcon.colcon_core.shell:Creating environment hook '/home/ros/ros2_ws/install/robot_bringup/share/robot_bringup/hook/ament_prefix_path.ps1'
[2.906s] INFO:colcon.colcon_core.shell:Creating environment descriptor '/home/ros/ros2_ws/install/robot_bringup/share/robot_bringup/hook/ament_prefix_path.dsv'
[2.906s] INFO:colcon.colcon_core.shell:Creating environment hook '/home/ros/ros2_ws/install/robot_bringup/share/robot_bringup/hook/ament_prefix_path.sh'
[2.907s] INFO:colcon.colcon_core.shell:Skip shell extension 'powershell' for command environment: Not usable outside of PowerShell
[2.907s] DEBUG:colcon.colcon_core.shell:Skip shell extension 'dsv' for command environment
[2.912s] INFO:colcon.colcon_ros.task.ament_cmake.build:Building ROS package in '/home/ros/ros2_ws/src/robot_description' with build type 'ament_cmake'
[2.912s] INFO:colcon.colcon_cmake.task.cmake.build:Building CMake package in '/home/ros/ros2_ws/src/robot_description'
[2.912s] INFO:colcon.colcon_core.shell:Skip shell extension 'powershell' for command environment: Not usable outside of PowerShell
[2.912s] DEBUG:colcon.colcon_core.shell:Skip shell extension 'dsv' for command environment
[3.122s] INFO:colcon.colcon_core.task.python.build:Building Python package in '/home/ros/ros2_ws/src/robot_bringup'
[3.122s] INFO:colcon.colcon_core.shell:Skip shell extension 'powershell' for command environment: Not usable outside of PowerShell
[3.122s] DEBUG:colcon.colcon_core.shell:Skip shell extension 'dsv' for command environment
[3.287s] INFO:colcon.colcon_core.task.python.build:Building Python package in '/home/ros/ros2_ws/src/follow_waypoints'
[3.287s] INFO:colcon.colcon_core.shell:Skip shell extension 'powershell' for command environment: Not usable outside of PowerShell
[3.287s] DEBUG:colcon.colcon_core.shell:Skip shell extension 'dsv' for command environment
[3.292s] DEBUG:colcon.colcon_core.event_handler.log_command:Invoking command in '/home/ros/ros2_ws/build/robot_description': CMAKE_PREFIX_PATH=${CMAKE_PREFIX_PATH}:/home/ros/ros2_ws/install/robot_bringup:/home/ros/ros2_ws/install/follow_waypoints:/opt/ros/humble /usr/bin/cmake /home/ros/ros2_ws/src/robot_description -DAMENT_CMAKE_SYMLINK_INSTALL=1 -DCMAKE_INSTALL_PREFIX=/home/ros/ros2_ws/install/robot_description
[4.684s] DEBUG:colcon.colcon_core.event_handler.log_command:Invoking command in '/home/ros/ros2_ws/build/robot_bringup': PYTHONPATH=/home/ros/ros2_ws/build/robot_bringup/prefix_override:/usr/lib/python3/dist-packages/colcon_core/task/python/colcon_distutils_commands:/home/ros/ros2_ws/install/robot_bringup/lib/python3.10/site-packages:${PYTHONPATH} /usr/bin/python3 -W ignore:setup.py install is deprecated -W ignore:easy_install command is deprecated setup.py develop --editable --build-directory /home/ros/ros2_ws/build/robot_bringup/build --no-deps symlink_data
[4.686s] DEBUG:colcon.colcon_core.event_handler.log_command:Invoking command in '/home/ros/ros2_ws/build/follow_waypoints': PYTHONPATH=/home/ros/ros2_ws/build/follow_waypoints/prefix_override:/usr/lib/python3/dist-packages/colcon_core/task/python/colcon_distutils_commands:/home/ros/ros2_ws/install/follow_waypoints/lib/python3.10/site-packages:${PYTHONPATH} /usr/bin/python3 -W ignore:setup.py install is deprecated -W ignore:easy_install command is deprecated setup.py develop --editable --build-directory /home/ros/ros2_ws/build/follow_waypoints/build --no-deps symlink_data
[4.982s] Level 1:colcon.colcon_core.shell:create_environment_hook('robot_bringup', 'pythonpath_develop')
[4.982s] INFO:colcon.colcon_core.shell:Creating environment hook '/home/ros/ros2_ws/build/robot_bringup/share/robot_bringup/hook/pythonpath_develop.ps1'
[4.982s] DEBUG:colcon.colcon_core.event_handler.log_command:Invoked command in '/home/ros/ros2_ws/build/robot_bringup' returned '0': PYTHONPATH=/home/ros/ros2_ws/build/robot_bringup/prefix_override:/usr/lib/python3/dist-packages/colcon_core/task/python/colcon_distutils_commands:/home/ros/ros2_ws/install/robot_bringup/lib/python3.10/site-packages:${PYTHONPATH} /usr/bin/python3 -W ignore:setup.py install is deprecated -W ignore:easy_install command is deprecated setup.py develop --editable --build-directory /home/ros/ros2_ws/build/robot_bringup/build --no-deps symlink_data
[4.983s] INFO:colcon.colcon_core.shell:Creating environment descriptor '/home/ros/ros2_ws/build/robot_bringup/share/robot_bringup/hook/pythonpath_develop.dsv'
[4.983s] INFO:colcon.colcon_core.shell:Creating environment hook '/home/ros/ros2_ws/build/robot_bringup/share/robot_bringup/hook/pythonpath_develop.sh'
[5.226s] Level 1:colcon.colcon_core.environment:checking '/home/ros/ros2_ws/install/robot_bringup' for CMake module files
[5.227s] Level 1:colcon.colcon_core.environment:checking '/home/ros/ros2_ws/install/robot_bringup' for CMake config files
[5.227s] Level 1:colcon.colcon_core.environment:checking '/home/ros/ros2_ws/install/robot_bringup/lib'
[5.227s] Level 1:colcon.colcon_core.environment:checking '/home/ros/ros2_ws/install/robot_bringup/bin'
[5.228s] Level 1:colcon.colcon_core.environment:checking '/home/ros/ros2_ws/install/robot_bringup/lib/pkgconfig/robot_bringup.pc'
[5.228s] Level 1:colcon.colcon_core.environment:checking '/home/ros/ros2_ws/install/robot_bringup/lib/python3.10/site-packages'
[5.228s] Level 1:colcon.colcon_core.shell:create_environment_hook('robot_bringup', 'pythonpath')
[5.228s] INFO:colcon.colcon_core.shell:Creating environment hook '/home/ros/ros2_ws/install/robot_bringup/share/robot_bringup/hook/pythonpath.ps1'
[5.229s] INFO:colcon.colcon_core.shell:Creating environment descriptor '/home/ros/ros2_ws/install/robot_bringup/share/robot_bringup/hook/pythonpath.dsv'
[5.229s] INFO:colcon.colcon_core.shell:Creating environment hook '/home/ros/ros2_ws/install/robot_bringup/share/robot_bringup/hook/pythonpath.sh'
[5.230s] Level 1:colcon.colcon_core.environment:checking '/home/ros/ros2_ws/install/robot_bringup/bin'
[5.230s] Level 1:colcon.colcon_core.environment:create_environment_scripts_only(robot_bringup)
[5.230s] INFO:colcon.colcon_core.shell:Creating package script '/home/ros/ros2_ws/install/robot_bringup/share/robot_bringup/package.ps1'
[5.271s] INFO:colcon.colcon_core.shell:Creating package descriptor '/home/ros/ros2_ws/install/robot_bringup/share/robot_bringup/package.dsv'
[5.291s] INFO:colcon.colcon_core.shell:Creating package script '/home/ros/ros2_ws/install/robot_bringup/share/robot_bringup/package.sh'
[5.292s] INFO:colcon.colcon_core.shell:Creating package script '/home/ros/ros2_ws/install/robot_bringup/share/robot_bringup/package.bash'
[5.329s] INFO:colcon.colcon_core.shell:Creating package script '/home/ros/ros2_ws/install/robot_bringup/share/robot_bringup/package.zsh'
[5.366s] Level 1:colcon.colcon_core.environment:create_file_with_runtime_dependencies(/home/ros/ros2_ws/install/robot_bringup/share/colcon-core/packages/robot_bringup)
[5.367s] Level 1:colcon.colcon_core.shell:create_environment_hook('follow_waypoints', 'pythonpath_develop')
[5.368s] INFO:colcon.colcon_core.shell:Creating environment hook '/home/ros/ros2_ws/build/follow_waypoints/share/follow_waypoints/hook/pythonpath_develop.ps1'
[5.368s] DEBUG:colcon.colcon_core.event_handler.log_command:Invoked command in '/home/ros/ros2_ws/build/follow_waypoints' returned '0': PYTHONPATH=/home/ros/ros2_ws/build/follow_waypoints/prefix_override:/usr/lib/python3/dist-packages/colcon_core/task/python/colcon_distutils_commands:/home/ros/ros2_ws/install/follow_waypoints/lib/python3.10/site-packages:${PYTHONPATH} /usr/bin/python3 -W ignore:setup.py install is deprecated -W ignore:easy_install command is deprecated setup.py develop --editable --build-directory /home/ros/ros2_ws/build/follow_waypoints/build --no-deps symlink_data
[5.369s] INFO:colcon.colcon_core.shell:Creating environment descriptor '/home/ros/ros2_ws/build/follow_waypoints/share/follow_waypoints/hook/pythonpath_develop.dsv'
[5.369s] INFO:colcon.colcon_core.shell:Creating environment hook '/home/ros/ros2_ws/build/follow_waypoints/share/follow_waypoints/hook/pythonpath_develop.sh'
[5.370s] Level 1:colcon.colcon_core.environment:checking '/home/ros/ros2_ws/install/follow_waypoints' for CMake module files
[5.370s] Level 1:colcon.colcon_core.environment:checking '/home/ros/ros2_ws/install/follow_waypoints' for CMake config files
[5.371s] Level 1:colcon.colcon_core.environment:checking '/home/ros/ros2_ws/install/follow_waypoints/lib'
[5.371s] Level 1:colcon.colcon_core.environment:checking '/home/ros/ros2_ws/install/follow_waypoints/bin'
[5.371s] Level 1:colcon.colcon_core.environment:checking '/home/ros/ros2_ws/install/follow_waypoints/lib/pkgconfig/follow_waypoints.pc'
[5.371s] Level 1:colcon.colcon_core.environment:checking '/home/ros/ros2_ws/install/follow_waypoints/lib/python3.10/site-packages'
[5.371s] Level 1:colcon.colcon_core.shell:create_environment_hook('follow_waypoints', 'pythonpath')
[5.372s] INFO:colcon.colcon_core.shell:Creating environment hook '/home/ros/ros2_ws/install/follow_waypoints/share/follow_waypoints/hook/pythonpath.ps1'
[5.372s] INFO:colcon.colcon_core.shell:Creating environment descriptor '/home/ros/ros2_ws/install/follow_waypoints/share/follow_waypoints/hook/pythonpath.dsv'
[5.372s] INFO:colcon.colcon_core.shell:Creating environment hook '/home/ros/ros2_ws/install/follow_waypoints/share/follow_waypoints/hook/pythonpath.sh'
[5.373s] Level 1:colcon.colcon_core.environment:checking '/home/ros/ros2_ws/install/follow_waypoints/bin'
[5.373s] Level 1:colcon.colcon_core.environment:create_environment_scripts_only(follow_waypoints)
[5.373s] INFO:colcon.colcon_core.shell:Creating package script '/home/ros/ros2_ws/install/follow_waypoints/share/follow_waypoints/package.ps1'
[5.373s] INFO:colcon.colcon_core.shell:Creating package descriptor '/home/ros/ros2_ws/install/follow_waypoints/share/follow_waypoints/package.dsv'
[5.374s] INFO:colcon.colcon_core.shell:Creating package script '/home/ros/ros2_ws/install/follow_waypoints/share/follow_waypoints/package.sh'
[5.374s] INFO:colcon.colcon_core.shell:Creating package script '/home/ros/ros2_ws/install/follow_waypoints/share/follow_waypoints/package.bash'
[5.375s] INFO:colcon.colcon_core.shell:Creating package script '/home/ros/ros2_ws/install/follow_waypoints/share/follow_waypoints/package.zsh'
[5.375s] Level 1:colcon.colcon_core.environment:create_file_with_runtime_dependencies(/home/ros/ros2_ws/install/follow_waypoints/share/colcon-core/packages/follow_waypoints)
[8.340s] DEBUG:colcon.colcon_core.event_handler.log_command:Invoked command in '/home/ros/ros2_ws/build/robot_description' returned '0': CMAKE_PREFIX_PATH=${CMAKE_PREFIX_PATH}:/home/ros/ros2_ws/install/robot_bringup:/home/ros/ros2_ws/install/follow_waypoints:/opt/ros/humble /usr/bin/cmake /home/ros/ros2_ws/src/robot_description -DAMENT_CMAKE_SYMLINK_INSTALL=1 -DCMAKE_INSTALL_PREFIX=/home/ros/ros2_ws/install/robot_description
[8.341s] DEBUG:colcon.colcon_core.event_handler.log_command:Invoking command in '/home/ros/ros2_ws/build/robot_description': CMAKE_PREFIX_PATH=${CMAKE_PREFIX_PATH}:/home/ros/ros2_ws/install/robot_bringup:/home/ros/ros2_ws/install/follow_waypoints:/opt/ros/humble /usr/bin/cmake --build /home/ros/ros2_ws/build/robot_description -- -j16 -l16
[8.408s] DEBUG:colcon.colcon_core.event_handler.log_command:Invoked command in '/home/ros/ros2_ws/build/robot_description' returned '0': CMAKE_PREFIX_PATH=${CMAKE_PREFIX_PATH}:/home/ros/ros2_ws/install/robot_bringup:/home/ros/ros2_ws/install/follow_waypoints:/opt/ros/humble /usr/bin/cmake --build /home/ros/ros2_ws/build/robot_description -- -j16 -l16
[8.417s] DEBUG:colcon.colcon_core.event_handler.log_command:Invoking command in '/home/ros/ros2_ws/build/robot_description': CMAKE_PREFIX_PATH=${CMAKE_PREFIX_PATH}:/home/ros/ros2_ws/install/robot_bringup:/home/ros/ros2_ws/install/follow_waypoints:/opt/ros/humble /usr/bin/cmake --install /home/ros/ros2_ws/build/robot_description
[8.542s] Level 1:colcon.colcon_core.environment:create_environment_scripts_only(robot_description)
[8.542s] Level 1:colcon.colcon_core.environment:checking '/home/ros/ros2_ws/install/robot_description' for CMake module files
[8.542s] DEBUG:colcon.colcon_core.event_handler.log_command:Invoked command in '/home/ros/ros2_ws/build/robot_description' returned '0': CMAKE_PREFIX_PATH=${CMAKE_PREFIX_PATH}:/home/ros/ros2_ws/install/robot_bringup:/home/ros/ros2_ws/install/follow_waypoints:/opt/ros/humble /usr/bin/cmake --install /home/ros/ros2_ws/build/robot_description
[8.543s] Level 1:colcon.colcon_core.environment:checking '/home/ros/ros2_ws/install/robot_description' for CMake config files
[8.543s] Level 1:colcon.colcon_core.shell:create_environment_hook('robot_description', 'cmake_prefix_path')
[8.543s] INFO:colcon.colcon_core.shell:Creating environment hook '/home/ros/ros2_ws/install/robot_description/share/robot_description/hook/cmake_prefix_path.ps1'
[8.543s] INFO:colcon.colcon_core.shell:Creating environment descriptor '/home/ros/ros2_ws/install/robot_description/share/robot_description/hook/cmake_prefix_path.dsv'
[8.544s] INFO:colcon.colcon_core.shell:Creating environment hook '/home/ros/ros2_ws/install/robot_description/share/robot_description/hook/cmake_prefix_path.sh'
[8.544s] Level 1:colcon.colcon_core.environment:checking '/home/ros/ros2_ws/install/robot_description/bin'
[8.544s] Level 1:colcon.colcon_core.environment:checking '/home/ros/ros2_ws/install/robot_description/lib/pkgconfig/robot_description.pc'
[8.544s] Level 1:colcon.colcon_core.environment:checking '/home/ros/ros2_ws/install/robot_description/lib/python3.10/site-packages'
[8.544s] Level 1:colcon.colcon_core.environment:checking '/home/ros/ros2_ws/install/robot_description/bin'
[8.545s] INFO:colcon.colcon_core.shell:Creating package script '/home/ros/ros2_ws/install/robot_description/share/robot_description/package.ps1'
[8.545s] INFO:colcon.colcon_core.shell:Creating package descriptor '/home/ros/ros2_ws/install/robot_description/share/robot_description/package.dsv'
[8.545s] INFO:colcon.colcon_core.shell:Creating package script '/home/ros/ros2_ws/install/robot_description/share/robot_description/package.sh'
[8.546s] INFO:colcon.colcon_core.shell:Creating package script '/home/ros/ros2_ws/install/robot_description/share/robot_description/package.bash'
[8.546s] INFO:colcon.colcon_core.shell:Creating package script '/home/ros/ros2_ws/install/robot_description/share/robot_description/package.zsh'
[8.546s] Level 1:colcon.colcon_core.environment:create_file_with_runtime_dependencies(/home/ros/ros2_ws/install/robot_description/share/colcon-core/packages/robot_description)
[8.546s] Level 1:colcon.colcon_core.environment:create_environment_scripts_only(robot_description)
[8.547s] Level 1:colcon.colcon_core.environment:checking '/home/ros/ros2_ws/install/robot_description' for CMake module files
[8.547s] Level 1:colcon.colcon_core.environment:checking '/home/ros/ros2_ws/install/robot_description' for CMake config files
[8.547s] Level 1:colcon.colcon_core.shell:create_environment_hook('robot_description', 'cmake_prefix_path')
[8.547s] INFO:colcon.colcon_core.shell:Creating environment hook '/home/ros/ros2_ws/install/robot_description/share/robot_description/hook/cmake_prefix_path.ps1'
[8.548s] INFO:colcon.colcon_core.shell:Creating environment descriptor '/home/ros/ros2_ws/install/robot_description/share/robot_description/hook/cmake_prefix_path.dsv'
[8.548s] INFO:colcon.colcon_core.shell:Creating environment hook '/home/ros/ros2_ws/install/robot_description/share/robot_description/hook/cmake_prefix_path.sh'
[8.548s] Level 1:colcon.colcon_core.environment:checking '/home/ros/ros2_ws/install/robot_description/bin'
[8.548s] Level 1:colcon.colcon_core.environment:checking '/home/ros/ros2_ws/install/robot_description/lib/pkgconfig/robot_description.pc'
[8.548s] Level 1:colcon.colcon_core.environment:checking '/home/ros/ros2_ws/install/robot_description/lib/python3.10/site-packages'
[8.549s] Level 1:colcon.colcon_core.environment:checking '/home/ros/ros2_ws/install/robot_description/bin'
[8.549s] INFO:colcon.colcon_core.shell:Creating package script '/home/ros/ros2_ws/install/robot_description/share/robot_description/package.ps1'
[8.549s] INFO:colcon.colcon_core.shell:Creating package descriptor '/home/ros/ros2_ws/install/robot_description/share/robot_description/package.dsv'
[8.549s] INFO:colcon.colcon_core.shell:Creating package script '/home/ros/ros2_ws/install/robot_description/share/robot_description/package.sh'
[8.550s] INFO:colcon.colcon_core.shell:Creating package script '/home/ros/ros2_ws/install/robot_description/share/robot_description/package.bash'
[8.550s] INFO:colcon.colcon_core.shell:Creating package script '/home/ros/ros2_ws/install/robot_description/share/robot_description/package.zsh'
[8.550s] Level 1:colcon.colcon_core.environment:create_file_with_runtime_dependencies(/home/ros/ros2_ws/install/robot_description/share/colcon-core/packages/robot_description)
[8.551s] DEBUG:colcon.colcon_parallel_executor.executor.parallel:closing loop
[8.551s] DEBUG:colcon.colcon_parallel_executor.executor.parallel:loop closed
[8.551s] DEBUG:colcon.colcon_parallel_executor.executor.parallel:run_until_complete finished with '0'
[8.551s] DEBUG:colcon.colcon_core.event_reactor:joining thread
[8.693s] INFO:colcon.colcon_core.plugin_system:Skipping extension 'colcon_notification.desktop_notification.notify_send': Could not find 'notify-send'
[8.694s] INFO:colcon.colcon_core.plugin_system:Skipping extension 'colcon_notification.desktop_notification.terminal_notifier': Not used on non-Darwin systems
[8.694s] INFO:colcon.colcon_core.plugin_system:Skipping extension 'colcon_notification.desktop_notification.win32': Not used on non-Windows systems
[8.694s] INFO:colcon.colcon_notification.desktop_notification:Sending desktop notification using 'notify2'
[8.696s] DEBUG:colcon.colcon_notification.desktop_notification.notify2:Failed to initialize notify2: org.freedesktop.DBus.Error.Spawn.ExecFailed: /usr/bin/dbus-launch terminated abnormally without any error message
[8.696s] DEBUG:colcon.colcon_core.event_reactor:joined thread
[8.697s] INFO:colcon.colcon_core.shell:Creating prefix script '/home/ros/ros2_ws/install/local_setup.ps1'
[8.702s] INFO:colcon.colcon_core.shell:Creating prefix util module '/home/ros/ros2_ws/install/_local_setup_util_ps1.py'
[8.712s] INFO:colcon.colcon_core.shell:Creating prefix chain script '/home/ros/ros2_ws/install/setup.ps1'
[8.713s] INFO:colcon.colcon_core.shell:Creating prefix script '/home/ros/ros2_ws/install/local_setup.sh'
[8.714s] INFO:colcon.colcon_core.shell:Creating prefix util module '/home/ros/ros2_ws/install/_local_setup_util_sh.py'
[8.715s] INFO:colcon.colcon_core.shell:Creating prefix chain script '/home/ros/ros2_ws/install/setup.sh'
[8.716s] INFO:colcon.colcon_core.shell:Creating prefix script '/home/ros/ros2_ws/install/local_setup.bash'
[8.726s] INFO:colcon.colcon_core.shell:Creating prefix chain script '/home/ros/ros2_ws/install/setup.bash'
[8.727s] INFO:colcon.colcon_core.shell:Creating prefix script '/home/ros/ros2_ws/install/local_setup.zsh'
[8.728s] INFO:colcon.colcon_core.shell:Creating prefix chain script '/home/ros/ros2_ws/install/setup.zsh'
