[1.265s] DEBUG:colcon:Command line arguments: ['/usr/bin/colcon', 'build', '--symlink-install']
[1.265s] DEBUG:colcon:Parsed command line arguments: Namespace(log_base=None, log_level=None, verb_name='build', build_base='build', install_base='install', merge_install=False, symlink_install=True, test_result_base=None, continue_on_error=False, executor='parallel', parallel_workers=16, event_handlers=None, ignore_user_meta=False, metas=['./colcon.meta'], base_paths=['.'], packages_ignore=None, packages_ignore_regex=None, paths=None, packages_up_to=None, packages_up_to_regex=None, packages_above=None, packages_above_and_dependencies=None, packages_above_depth=None, packages_select_by_dep=None, packages_skip_by_dep=None, packages_skip_up_to=None, packages_select_build_failed=False, packages_skip_build_finished=False, packages_select_test_failures=False, packages_skip_test_passed=False, packages_select=None, packages_skip=None, packages_select_regex=None, packages_skip_regex=None, packages_start=None, packages_end=None, cmake_args=None, cmake_target=None, cmake_target_skip_unavailable=False, cmake_clean_cache=False, cmake_clean_first=False, cmake_force_configure=False, ament_cmake_args=None, catkin_cmake_args=None, catkin_skip_building_tests=False, mixin_files=None, mixin=None, verb_parser=<colcon_mixin.mixin.mixin_argument.MixinArgumentDecorator object at 0x7ad75e557a30>, verb_extension=<colcon_core.verb.build.BuildVerb object at 0x7ad75e694a30>, main=<bound method BuildVerb.main of <colcon_core.verb.build.BuildVerb object at 0x7ad75e694a30>>, mixin_verb=('build',))
[4.383s] Level 1:colcon.colcon_core.package_discovery:discover_packages(colcon_meta) check parameters
[4.383s] Level 1:colcon.colcon_core.package_discovery:discover_packages(recursive) check parameters
[4.383s] Level 1:colcon.colcon_core.package_discovery:discover_packages(ignore) check parameters
[4.383s] Level 1:colcon.colcon_core.package_discovery:discover_packages(path) check parameters
[4.383s] Level 1:colcon.colcon_core.package_discovery:discover_packages(colcon_meta) discover
[4.384s] Level 1:colcon.colcon_core.package_discovery:discover_packages(recursive) discover
[4.384s] INFO:colcon.colcon_core.package_discovery:Crawling recursively for packages in '/home/ros/ros2_ws'
[4.384s] Level 1:colcon.colcon_core.package_identification:_identify(.) by extensions ['ignore', 'ignore_ament_install']
[4.384s] Level 1:colcon.colcon_core.package_identification:_identify(.) by extension 'ignore'
[4.384s] Level 1:colcon.colcon_core.package_identification:_identify(.) by extension 'ignore_ament_install'
[4.384s] Level 1:colcon.colcon_core.package_identification:_identify(.) by extensions ['colcon_pkg']
[4.384s] Level 1:colcon.colcon_core.package_identification:_identify(.) by extension 'colcon_pkg'
[4.384s] Level 1:colcon.colcon_core.package_identification:_identify(.) by extensions ['colcon_meta']
[4.384s] Level 1:colcon.colcon_core.package_identification:_identify(.) by extension 'colcon_meta'
[4.384s] Level 1:colcon.colcon_core.package_identification:_identify(.) by extensions ['ros']
[4.384s] Level 1:colcon.colcon_core.package_identification:_identify(.) by extension 'ros'
[4.457s] Level 1:colcon.colcon_core.package_identification:_identify(.) by extensions ['cmake', 'python']
[4.457s] Level 1:colcon.colcon_core.package_identification:_identify(.) by extension 'cmake'
[4.457s] Level 1:colcon.colcon_core.package_identification:_identify(.) by extension 'python'
[4.457s] Level 1:colcon.colcon_core.package_identification:_identify(.) by extensions ['python_setup_py']
[4.457s] Level 1:colcon.colcon_core.package_identification:_identify(.) by extension 'python_setup_py'
[4.464s] Level 1:colcon.colcon_core.package_identification:_identify(build) by extensions ['ignore', 'ignore_ament_install']
[4.464s] Level 1:colcon.colcon_core.package_identification:_identify(build) by extension 'ignore'
[4.464s] Level 1:colcon.colcon_core.package_identification:_identify(build) ignored
[4.464s] Level 1:colcon.colcon_core.package_identification:_identify(install) by extensions ['ignore', 'ignore_ament_install']
[4.465s] Level 1:colcon.colcon_core.package_identification:_identify(install) by extension 'ignore'
[4.465s] Level 1:colcon.colcon_core.package_identification:_identify(install) ignored
[4.465s] Level 1:colcon.colcon_core.package_identification:_identify(log) by extensions ['ignore', 'ignore_ament_install']
[4.465s] Level 1:colcon.colcon_core.package_identification:_identify(log) by extension 'ignore'
[4.465s] Level 1:colcon.colcon_core.package_identification:_identify(log) ignored
[4.468s] Level 1:colcon.colcon_core.package_identification:_identify(src) by extensions ['ignore', 'ignore_ament_install']
[4.468s] Level 1:colcon.colcon_core.package_identification:_identify(src) by extension 'ignore'
[4.468s] Level 1:colcon.colcon_core.package_identification:_identify(src) by extension 'ignore_ament_install'
[4.468s] Level 1:colcon.colcon_core.package_identification:_identify(src) by extensions ['colcon_pkg']
[4.468s] Level 1:colcon.colcon_core.package_identification:_identify(src) by extension 'colcon_pkg'
[4.468s] Level 1:colcon.colcon_core.package_identification:_identify(src) by extensions ['colcon_meta']
[4.468s] Level 1:colcon.colcon_core.package_identification:_identify(src) by extension 'colcon_meta'
[4.468s] Level 1:colcon.colcon_core.package_identification:_identify(src) by extensions ['ros']
[4.468s] Level 1:colcon.colcon_core.package_identification:_identify(src) by extension 'ros'
[4.469s] Level 1:colcon.colcon_core.package_identification:_identify(src) by extensions ['cmake', 'python']
[4.469s] Level 1:colcon.colcon_core.package_identification:_identify(src) by extension 'cmake'
[4.469s] Level 1:colcon.colcon_core.package_identification:_identify(src) by extension 'python'
[4.469s] Level 1:colcon.colcon_core.package_identification:_identify(src) by extensions ['python_setup_py']
[4.469s] Level 1:colcon.colcon_core.package_identification:_identify(src) by extension 'python_setup_py'
[4.469s] Level 1:colcon.colcon_core.package_identification:_identify(src/follow_waypoints) by extensions ['ignore', 'ignore_ament_install']
[4.469s] Level 1:colcon.colcon_core.package_identification:_identify(src/follow_waypoints) by extension 'ignore'
[4.469s] Level 1:colcon.colcon_core.package_identification:_identify(src/follow_waypoints) by extension 'ignore_ament_install'
[4.469s] Level 1:colcon.colcon_core.package_identification:_identify(src/follow_waypoints) by extensions ['colcon_pkg']
[4.469s] Level 1:colcon.colcon_core.package_identification:_identify(src/follow_waypoints) by extension 'colcon_pkg'
[4.469s] Level 1:colcon.colcon_core.package_identification:_identify(src/follow_waypoints) by extensions ['colcon_meta']
[4.469s] Level 1:colcon.colcon_core.package_identification:_identify(src/follow_waypoints) by extension 'colcon_meta'
[4.469s] Level 1:colcon.colcon_core.package_identification:_identify(src/follow_waypoints) by extensions ['ros']
[4.469s] Level 1:colcon.colcon_core.package_identification:_identify(src/follow_waypoints) by extension 'ros'
[4.484s] DEBUG:colcon.colcon_core.package_identification:Package 'src/follow_waypoints' with type 'ros.ament_python' and name 'follow_waypoints'
[4.484s] Level 1:colcon.colcon_core.package_identification:_identify(src/robot_bringup) by extensions ['ignore', 'ignore_ament_install']
[4.484s] Level 1:colcon.colcon_core.package_identification:_identify(src/robot_bringup) by extension 'ignore'
[4.484s] Level 1:colcon.colcon_core.package_identification:_identify(src/robot_bringup) by extension 'ignore_ament_install'
[4.484s] Level 1:colcon.colcon_core.package_identification:_identify(src/robot_bringup) by extensions ['colcon_pkg']
[4.484s] Level 1:colcon.colcon_core.package_identification:_identify(src/robot_bringup) by extension 'colcon_pkg'
[4.484s] Level 1:colcon.colcon_core.package_identification:_identify(src/robot_bringup) by extensions ['colcon_meta']
[4.484s] Level 1:colcon.colcon_core.package_identification:_identify(src/robot_bringup) by extension 'colcon_meta'
[4.484s] Level 1:colcon.colcon_core.package_identification:_identify(src/robot_bringup) by extensions ['ros']
[4.484s] Level 1:colcon.colcon_core.package_identification:_identify(src/robot_bringup) by extension 'ros'
[4.485s] DEBUG:colcon.colcon_core.package_identification:Package 'src/robot_bringup' with type 'ros.ament_python' and name 'robot_bringup'
[4.485s] Level 1:colcon.colcon_core.package_identification:_identify(src/robot_description) by extensions ['ignore', 'ignore_ament_install']
[4.485s] Level 1:colcon.colcon_core.package_identification:_identify(src/robot_description) by extension 'ignore'
[4.485s] Level 1:colcon.colcon_core.package_identification:_identify(src/robot_description) by extension 'ignore_ament_install'
[4.485s] Level 1:colcon.colcon_core.package_identification:_identify(src/robot_description) by extensions ['colcon_pkg']
[4.485s] Level 1:colcon.colcon_core.package_identification:_identify(src/robot_description) by extension 'colcon_pkg'
[4.485s] Level 1:colcon.colcon_core.package_identification:_identify(src/robot_description) by extensions ['colcon_meta']
[4.485s] Level 1:colcon.colcon_core.package_identification:_identify(src/robot_description) by extension 'colcon_meta'
[4.485s] Level 1:colcon.colcon_core.package_identification:_identify(src/robot_description) by extensions ['ros']
[4.485s] Level 1:colcon.colcon_core.package_identification:_identify(src/robot_description) by extension 'ros'
[4.486s] DEBUG:colcon.colcon_core.package_identification:Package 'src/robot_description' with type 'ros.ament_cmake' and name 'robot_description'
[4.486s] Level 1:colcon.colcon_core.package_discovery:discover_packages(recursive) using defaults
[4.486s] Level 1:colcon.colcon_core.package_discovery:discover_packages(ignore) discover
[4.486s] Level 1:colcon.colcon_core.package_discovery:discover_packages(ignore) using defaults
[4.486s] Level 1:colcon.colcon_core.package_discovery:discover_packages(path) discover
[4.486s] Level 1:colcon.colcon_core.package_discovery:discover_packages(path) using defaults
[4.725s] Level 5:colcon.colcon_core.verb:set package 'follow_waypoints' build argument 'cmake_args' from command line to 'None'
[4.725s] Level 5:colcon.colcon_core.verb:set package 'follow_waypoints' build argument 'cmake_target' from command line to 'None'
[4.725s] Level 5:colcon.colcon_core.verb:set package 'follow_waypoints' build argument 'cmake_target_skip_unavailable' from command line to 'False'
[4.726s] Level 5:colcon.colcon_core.verb:set package 'follow_waypoints' build argument 'cmake_clean_cache' from command line to 'False'
[4.726s] Level 5:colcon.colcon_core.verb:set package 'follow_waypoints' build argument 'cmake_clean_first' from command line to 'False'
[4.726s] Level 5:colcon.colcon_core.verb:set package 'follow_waypoints' build argument 'cmake_force_configure' from command line to 'False'
[4.726s] Level 5:colcon.colcon_core.verb:set package 'follow_waypoints' build argument 'ament_cmake_args' from command line to 'None'
[4.726s] Level 5:colcon.colcon_core.verb:set package 'follow_waypoints' build argument 'catkin_cmake_args' from command line to 'None'
[4.726s] Level 5:colcon.colcon_core.verb:set package 'follow_waypoints' build argument 'catkin_skip_building_tests' from command line to 'False'
[4.726s] DEBUG:colcon.colcon_core.verb:Building package 'follow_waypoints' with the following arguments: {'ament_cmake_args': None, 'build_base': '/home/ros/ros2_ws/build/follow_waypoints', 'catkin_cmake_args': None, 'catkin_skip_building_tests': False, 'cmake_args': None, 'cmake_clean_cache': False, 'cmake_clean_first': False, 'cmake_force_configure': False, 'cmake_target': None, 'cmake_target_skip_unavailable': False, 'install_base': '/home/ros/ros2_ws/install/follow_waypoints', 'merge_install': False, 'path': '/home/ros/ros2_ws/src/follow_waypoints', 'symlink_install': True, 'test_result_base': None}
[4.726s] Level 5:colcon.colcon_core.verb:set package 'robot_bringup' build argument 'cmake_args' from command line to 'None'
[4.726s] Level 5:colcon.colcon_core.verb:set package 'robot_bringup' build argument 'cmake_target' from command line to 'None'
[4.726s] Level 5:colcon.colcon_core.verb:set package 'robot_bringup' build argument 'cmake_target_skip_unavailable' from command line to 'False'
[4.726s] Level 5:colcon.colcon_core.verb:set package 'robot_bringup' build argument 'cmake_clean_cache' from command line to 'False'
[4.726s] Level 5:colcon.colcon_core.verb:set package 'robot_bringup' build argument 'cmake_clean_first' from command line to 'False'
[4.726s] Level 5:colcon.colcon_core.verb:set package 'robot_bringup' build argument 'cmake_force_configure' from command line to 'False'
[4.726s] Level 5:colcon.colcon_core.verb:set package 'robot_bringup' build argument 'ament_cmake_args' from command line to 'None'
[4.726s] Level 5:colcon.colcon_core.verb:set package 'robot_bringup' build argument 'catkin_cmake_args' from command line to 'None'
[4.726s] Level 5:colcon.colcon_core.verb:set package 'robot_bringup' build argument 'catkin_skip_building_tests' from command line to 'False'
[4.726s] DEBUG:colcon.colcon_core.verb:Building package 'robot_bringup' with the following arguments: {'ament_cmake_args': None, 'build_base': '/home/ros/ros2_ws/build/robot_bringup', 'catkin_cmake_args': None, 'catkin_skip_building_tests': False, 'cmake_args': None, 'cmake_clean_cache': False, 'cmake_clean_first': False, 'cmake_force_configure': False, 'cmake_target': None, 'cmake_target_skip_unavailable': False, 'install_base': '/home/ros/ros2_ws/install/robot_bringup', 'merge_install': False, 'path': '/home/ros/ros2_ws/src/robot_bringup', 'symlink_install': True, 'test_result_base': None}
[4.726s] Level 5:colcon.colcon_core.verb:set package 'robot_description' build argument 'cmake_args' from command line to 'None'
[4.727s] Level 5:colcon.colcon_core.verb:set package 'robot_description' build argument 'cmake_target' from command line to 'None'
[4.727s] Level 5:colcon.colcon_core.verb:set package 'robot_description' build argument 'cmake_target_skip_unavailable' from command line to 'False'
[4.727s] Level 5:colcon.colcon_core.verb:set package 'robot_description' build argument 'cmake_clean_cache' from command line to 'False'
[4.727s] Level 5:colcon.colcon_core.verb:set package 'robot_description' build argument 'cmake_clean_first' from command line to 'False'
[4.727s] Level 5:colcon.colcon_core.verb:set package 'robot_description' build argument 'cmake_force_configure' from command line to 'False'
[4.727s] Level 5:colcon.colcon_core.verb:set package 'robot_description' build argument 'ament_cmake_args' from command line to 'None'
[4.727s] Level 5:colcon.colcon_core.verb:set package 'robot_description' build argument 'catkin_cmake_args' from command line to 'None'
[4.727s] Level 5:colcon.colcon_core.verb:set package 'robot_description' build argument 'catkin_skip_building_tests' from command line to 'False'
[4.727s] DEBUG:colcon.colcon_core.verb:Building package 'robot_description' with the following arguments: {'ament_cmake_args': None, 'build_base': '/home/ros/ros2_ws/build/robot_description', 'catkin_cmake_args': None, 'catkin_skip_building_tests': False, 'cmake_args': None, 'cmake_clean_cache': False, 'cmake_clean_first': False, 'cmake_force_configure': False, 'cmake_target': None, 'cmake_target_skip_unavailable': False, 'install_base': '/home/ros/ros2_ws/install/robot_description', 'merge_install': False, 'path': '/home/ros/ros2_ws/src/robot_description', 'symlink_install': True, 'test_result_base': None}
[4.727s] INFO:colcon.colcon_core.executor:Executing jobs using 'parallel' executor
[4.728s] DEBUG:colcon.colcon_parallel_executor.executor.parallel:run_until_complete
[4.728s] INFO:colcon.colcon_ros.task.ament_python.build:Building ROS package in '/home/ros/ros2_ws/src/follow_waypoints' with build type 'ament_python'
[4.728s] Level 1:colcon.colcon_core.shell:create_environment_hook('follow_waypoints', 'ament_prefix_path')
[4.761s] INFO:colcon.colcon_core.plugin_system:Skipping extension 'colcon_core.shell.bat': Not used on non-Windows systems
[4.761s] INFO:colcon.colcon_core.shell:Creating environment hook '/home/ros/ros2_ws/install/follow_waypoints/share/follow_waypoints/hook/ament_prefix_path.ps1'
[4.762s] INFO:colcon.colcon_core.shell:Creating environment descriptor '/home/ros/ros2_ws/install/follow_waypoints/share/follow_waypoints/hook/ament_prefix_path.dsv'
[4.763s] INFO:colcon.colcon_core.shell:Creating environment hook '/home/ros/ros2_ws/install/follow_waypoints/share/follow_waypoints/hook/ament_prefix_path.sh'
[4.764s] INFO:colcon.colcon_core.shell:Skip shell extension 'powershell' for command environment: Not usable outside of PowerShell
[4.764s] DEBUG:colcon.colcon_core.shell:Skip shell extension 'dsv' for command environment
[4.864s] INFO:colcon.colcon_ros.task.ament_python.build:Building ROS package in '/home/ros/ros2_ws/src/robot_bringup' with build type 'ament_python'
[4.864s] Level 1:colcon.colcon_core.shell:create_environment_hook('robot_bringup', 'ament_prefix_path')
[4.864s] INFO:colcon.colcon_core.shell:Creating environment hook '/home/ros/ros2_ws/install/robot_bringup/share/robot_bringup/hook/ament_prefix_path.ps1'
[4.865s] INFO:colcon.colcon_core.shell:Creating environment descriptor '/home/ros/ros2_ws/install/robot_bringup/share/robot_bringup/hook/ament_prefix_path.dsv'
[4.865s] INFO:colcon.colcon_core.shell:Creating environment hook '/home/ros/ros2_ws/install/robot_bringup/share/robot_bringup/hook/ament_prefix_path.sh'
[4.865s] INFO:colcon.colcon_core.shell:Skip shell extension 'powershell' for command environment: Not usable outside of PowerShell
[4.866s] DEBUG:colcon.colcon_core.shell:Skip shell extension 'dsv' for command environment
[4.870s] INFO:colcon.colcon_ros.task.ament_cmake.build:Building ROS package in '/home/ros/ros2_ws/src/robot_description' with build type 'ament_cmake'
[4.870s] INFO:colcon.colcon_cmake.task.cmake.build:Building CMake package in '/home/ros/ros2_ws/src/robot_description'
[4.870s] INFO:colcon.colcon_core.shell:Skip shell extension 'powershell' for command environment: Not usable outside of PowerShell
[4.870s] DEBUG:colcon.colcon_core.shell:Skip shell extension 'dsv' for command environment
[5.082s] INFO:colcon.colcon_core.task.python.build:Building Python package in '/home/ros/ros2_ws/src/robot_bringup'
[5.082s] INFO:colcon.colcon_core.shell:Skip shell extension 'powershell' for command environment: Not usable outside of PowerShell
[5.082s] DEBUG:colcon.colcon_core.shell:Skip shell extension 'dsv' for command environment
[5.105s] DEBUG:colcon.colcon_core.event_handler.log_command:Invoking command in '/home/ros/ros2_ws/build/robot_description': CMAKE_PREFIX_PATH=${CMAKE_PREFIX_PATH}:/home/ros/ros2_ws/install/robot_bringup:/home/ros/ros2_ws/install/follow_waypoints:/opt/ros/humble /usr/bin/cmake --build /home/ros/ros2_ws/build/robot_description -- -j16 -l16
[5.335s] INFO:colcon.colcon_core.task.python.build:Building Python package in '/home/ros/ros2_ws/src/follow_waypoints'
[5.335s] INFO:colcon.colcon_core.shell:Skip shell extension 'powershell' for command environment: Not usable outside of PowerShell
[5.335s] DEBUG:colcon.colcon_core.shell:Skip shell extension 'dsv' for command environment
[5.820s] DEBUG:colcon.colcon_core.event_handler.log_command:Invoked command in '/home/ros/ros2_ws/build/robot_description' returned '0': CMAKE_PREFIX_PATH=${CMAKE_PREFIX_PATH}:/home/ros/ros2_ws/install/robot_bringup:/home/ros/ros2_ws/install/follow_waypoints:/opt/ros/humble /usr/bin/cmake --build /home/ros/ros2_ws/build/robot_description -- -j16 -l16
[5.873s] DEBUG:colcon.colcon_core.event_handler.log_command:Invoking command in '/home/ros/ros2_ws/build/robot_description': CMAKE_PREFIX_PATH=${CMAKE_PREFIX_PATH}:/home/ros/ros2_ws/install/robot_bringup:/home/ros/ros2_ws/install/follow_waypoints:/opt/ros/humble /usr/bin/cmake --install /home/ros/ros2_ws/build/robot_description
[6.038s] Level 1:colcon.colcon_core.environment:create_environment_scripts_only(robot_description)
[6.038s] DEBUG:colcon.colcon_core.event_handler.log_command:Invoked command in '/home/ros/ros2_ws/build/robot_description' returned '0': CMAKE_PREFIX_PATH=${CMAKE_PREFIX_PATH}:/home/ros/ros2_ws/install/robot_bringup:/home/ros/ros2_ws/install/follow_waypoints:/opt/ros/humble /usr/bin/cmake --install /home/ros/ros2_ws/build/robot_description
[6.167s] Level 1:colcon.colcon_core.environment:checking '/home/ros/ros2_ws/install/robot_description' for CMake module files
[6.168s] Level 1:colcon.colcon_core.environment:checking '/home/ros/ros2_ws/install/robot_description' for CMake config files
[6.182s] Level 1:colcon.colcon_core.shell:create_environment_hook('robot_description', 'cmake_prefix_path')
[6.182s] INFO:colcon.colcon_core.shell:Creating environment hook '/home/ros/ros2_ws/install/robot_description/share/robot_description/hook/cmake_prefix_path.ps1'
[6.183s] INFO:colcon.colcon_core.shell:Creating environment descriptor '/home/ros/ros2_ws/install/robot_description/share/robot_description/hook/cmake_prefix_path.dsv'
[6.183s] INFO:colcon.colcon_core.shell:Creating environment hook '/home/ros/ros2_ws/install/robot_description/share/robot_description/hook/cmake_prefix_path.sh'
[6.184s] Level 1:colcon.colcon_core.environment:checking '/home/ros/ros2_ws/install/robot_description/bin'
[6.184s] Level 1:colcon.colcon_core.environment:checking '/home/ros/ros2_ws/install/robot_description/lib/pkgconfig/robot_description.pc'
[6.184s] Level 1:colcon.colcon_core.environment:checking '/home/ros/ros2_ws/install/robot_description/lib/python3.10/site-packages'
[6.184s] Level 1:colcon.colcon_core.environment:checking '/home/ros/ros2_ws/install/robot_description/bin'
[6.185s] INFO:colcon.colcon_core.shell:Creating package script '/home/ros/ros2_ws/install/robot_description/share/robot_description/package.ps1'
[6.200s] INFO:colcon.colcon_core.shell:Creating package descriptor '/home/ros/ros2_ws/install/robot_description/share/robot_description/package.dsv'
[6.220s] INFO:colcon.colcon_core.shell:Creating package script '/home/ros/ros2_ws/install/robot_description/share/robot_description/package.sh'
[6.221s] INFO:colcon.colcon_core.shell:Creating package script '/home/ros/ros2_ws/install/robot_description/share/robot_description/package.bash'
[6.235s] INFO:colcon.colcon_core.shell:Creating package script '/home/ros/ros2_ws/install/robot_description/share/robot_description/package.zsh'
[6.251s] Level 1:colcon.colcon_core.environment:create_file_with_runtime_dependencies(/home/ros/ros2_ws/install/robot_description/share/colcon-core/packages/robot_description)
[6.252s] Level 1:colcon.colcon_core.environment:create_environment_scripts_only(robot_description)
[6.252s] Level 1:colcon.colcon_core.environment:checking '/home/ros/ros2_ws/install/robot_description' for CMake module files
[6.253s] Level 1:colcon.colcon_core.environment:checking '/home/ros/ros2_ws/install/robot_description' for CMake config files
[6.253s] Level 1:colcon.colcon_core.shell:create_environment_hook('robot_description', 'cmake_prefix_path')
[6.253s] INFO:colcon.colcon_core.shell:Creating environment hook '/home/ros/ros2_ws/install/robot_description/share/robot_description/hook/cmake_prefix_path.ps1'
[6.253s] INFO:colcon.colcon_core.shell:Creating environment descriptor '/home/ros/ros2_ws/install/robot_description/share/robot_description/hook/cmake_prefix_path.dsv'
[6.254s] INFO:colcon.colcon_core.shell:Creating environment hook '/home/ros/ros2_ws/install/robot_description/share/robot_description/hook/cmake_prefix_path.sh'
[6.255s] Level 1:colcon.colcon_core.environment:checking '/home/ros/ros2_ws/install/robot_description/bin'
[6.255s] Level 1:colcon.colcon_core.environment:checking '/home/ros/ros2_ws/install/robot_description/lib/pkgconfig/robot_description.pc'
[6.256s] Level 1:colcon.colcon_core.environment:checking '/home/ros/ros2_ws/install/robot_description/lib/python3.10/site-packages'
[6.256s] Level 1:colcon.colcon_core.environment:checking '/home/ros/ros2_ws/install/robot_description/bin'
[6.256s] INFO:colcon.colcon_core.shell:Creating package script '/home/ros/ros2_ws/install/robot_description/share/robot_description/package.ps1'
[6.257s] INFO:colcon.colcon_core.shell:Creating package descriptor '/home/ros/ros2_ws/install/robot_description/share/robot_description/package.dsv'
[6.257s] INFO:colcon.colcon_core.shell:Creating package script '/home/ros/ros2_ws/install/robot_description/share/robot_description/package.sh'
[6.258s] INFO:colcon.colcon_core.shell:Creating package script '/home/ros/ros2_ws/install/robot_description/share/robot_description/package.bash'
[6.258s] INFO:colcon.colcon_core.shell:Creating package script '/home/ros/ros2_ws/install/robot_description/share/robot_description/package.zsh'
[6.259s] Level 1:colcon.colcon_core.environment:create_file_with_runtime_dependencies(/home/ros/ros2_ws/install/robot_description/share/colcon-core/packages/robot_description)
[6.426s] DEBUG:colcon.colcon_core.event_handler.log_command:Invoking command in '/home/ros/ros2_ws/build/robot_bringup': PYTHONPATH=/home/ros/ros2_ws/build/robot_bringup/prefix_override:/usr/lib/python3/dist-packages/colcon_core/task/python/colcon_distutils_commands:/home/ros/ros2_ws/install/robot_bringup/lib/python3.10/site-packages:${PYTHONPATH} /usr/bin/python3 -W ignore:setup.py install is deprecated -W ignore:easy_install command is deprecated setup.py develop --editable --build-directory /home/ros/ros2_ws/build/robot_bringup/build --no-deps symlink_data
[6.436s] DEBUG:colcon.colcon_core.event_handler.log_command:Invoking command in '/home/ros/ros2_ws/build/follow_waypoints': PYTHONPATH=/home/ros/ros2_ws/build/follow_waypoints/prefix_override:/usr/lib/python3/dist-packages/colcon_core/task/python/colcon_distutils_commands:/home/ros/ros2_ws/install/follow_waypoints/lib/python3.10/site-packages:${PYTHONPATH} /usr/bin/python3 -W ignore:setup.py install is deprecated -W ignore:easy_install command is deprecated setup.py develop --editable --build-directory /home/ros/ros2_ws/build/follow_waypoints/build --no-deps symlink_data
[6.804s] Level 1:colcon.colcon_core.shell:create_environment_hook('robot_bringup', 'pythonpath_develop')
[6.804s] INFO:colcon.colcon_core.shell:Creating environment hook '/home/ros/ros2_ws/build/robot_bringup/share/robot_bringup/hook/pythonpath_develop.ps1'
[6.804s] DEBUG:colcon.colcon_core.event_handler.log_command:Invoked command in '/home/ros/ros2_ws/build/robot_bringup' returned '0': PYTHONPATH=/home/ros/ros2_ws/build/robot_bringup/prefix_override:/usr/lib/python3/dist-packages/colcon_core/task/python/colcon_distutils_commands:/home/ros/ros2_ws/install/robot_bringup/lib/python3.10/site-packages:${PYTHONPATH} /usr/bin/python3 -W ignore:setup.py install is deprecated -W ignore:easy_install command is deprecated setup.py develop --editable --build-directory /home/ros/ros2_ws/build/robot_bringup/build --no-deps symlink_data
[6.804s] INFO:colcon.colcon_core.shell:Creating environment descriptor '/home/ros/ros2_ws/build/robot_bringup/share/robot_bringup/hook/pythonpath_develop.dsv'
[6.805s] INFO:colcon.colcon_core.shell:Creating environment hook '/home/ros/ros2_ws/build/robot_bringup/share/robot_bringup/hook/pythonpath_develop.sh'
[6.805s] Level 1:colcon.colcon_core.environment:checking '/home/ros/ros2_ws/install/robot_bringup' for CMake module files
[6.806s] Level 1:colcon.colcon_core.environment:checking '/home/ros/ros2_ws/install/robot_bringup' for CMake config files
[6.829s] Level 1:colcon.colcon_core.environment:checking '/home/ros/ros2_ws/install/robot_bringup/lib'
[6.829s] Level 1:colcon.colcon_core.environment:checking '/home/ros/ros2_ws/install/robot_bringup/bin'
[6.829s] Level 1:colcon.colcon_core.environment:checking '/home/ros/ros2_ws/install/robot_bringup/lib/pkgconfig/robot_bringup.pc'
[6.829s] Level 1:colcon.colcon_core.environment:checking '/home/ros/ros2_ws/install/robot_bringup/lib/python3.10/site-packages'
[6.829s] Level 1:colcon.colcon_core.shell:create_environment_hook('robot_bringup', 'pythonpath')
[6.829s] INFO:colcon.colcon_core.shell:Creating environment hook '/home/ros/ros2_ws/install/robot_bringup/share/robot_bringup/hook/pythonpath.ps1'
[6.830s] INFO:colcon.colcon_core.shell:Creating environment descriptor '/home/ros/ros2_ws/install/robot_bringup/share/robot_bringup/hook/pythonpath.dsv'
[6.830s] INFO:colcon.colcon_core.shell:Creating environment hook '/home/ros/ros2_ws/install/robot_bringup/share/robot_bringup/hook/pythonpath.sh'
[6.831s] Level 1:colcon.colcon_core.environment:checking '/home/ros/ros2_ws/install/robot_bringup/bin'
[6.831s] Level 1:colcon.colcon_core.environment:create_environment_scripts_only(robot_bringup)
[6.831s] INFO:colcon.colcon_core.shell:Creating package script '/home/ros/ros2_ws/install/robot_bringup/share/robot_bringup/package.ps1'
[6.832s] INFO:colcon.colcon_core.shell:Creating package descriptor '/home/ros/ros2_ws/install/robot_bringup/share/robot_bringup/package.dsv'
[6.832s] INFO:colcon.colcon_core.shell:Creating package script '/home/ros/ros2_ws/install/robot_bringup/share/robot_bringup/package.sh'
[6.833s] INFO:colcon.colcon_core.shell:Creating package script '/home/ros/ros2_ws/install/robot_bringup/share/robot_bringup/package.bash'
[6.833s] INFO:colcon.colcon_core.shell:Creating package script '/home/ros/ros2_ws/install/robot_bringup/share/robot_bringup/package.zsh'
[6.833s] Level 1:colcon.colcon_core.environment:create_file_with_runtime_dependencies(/home/ros/ros2_ws/install/robot_bringup/share/colcon-core/packages/robot_bringup)
[6.834s] Level 1:colcon.colcon_core.shell:create_environment_hook('follow_waypoints', 'pythonpath_develop')
[6.834s] INFO:colcon.colcon_core.shell:Creating environment hook '/home/ros/ros2_ws/build/follow_waypoints/share/follow_waypoints/hook/pythonpath_develop.ps1'
[6.835s] DEBUG:colcon.colcon_core.event_handler.log_command:Invoked command in '/home/ros/ros2_ws/build/follow_waypoints' returned '0': PYTHONPATH=/home/ros/ros2_ws/build/follow_waypoints/prefix_override:/usr/lib/python3/dist-packages/colcon_core/task/python/colcon_distutils_commands:/home/ros/ros2_ws/install/follow_waypoints/lib/python3.10/site-packages:${PYTHONPATH} /usr/bin/python3 -W ignore:setup.py install is deprecated -W ignore:easy_install command is deprecated setup.py develop --editable --build-directory /home/ros/ros2_ws/build/follow_waypoints/build --no-deps symlink_data
[6.835s] INFO:colcon.colcon_core.shell:Creating environment descriptor '/home/ros/ros2_ws/build/follow_waypoints/share/follow_waypoints/hook/pythonpath_develop.dsv'
[6.835s] INFO:colcon.colcon_core.shell:Creating environment hook '/home/ros/ros2_ws/build/follow_waypoints/share/follow_waypoints/hook/pythonpath_develop.sh'
[6.836s] Level 1:colcon.colcon_core.environment:checking '/home/ros/ros2_ws/install/follow_waypoints' for CMake module files
[6.837s] Level 1:colcon.colcon_core.environment:checking '/home/ros/ros2_ws/install/follow_waypoints' for CMake config files
[6.839s] Level 1:colcon.colcon_core.environment:checking '/home/ros/ros2_ws/install/follow_waypoints/lib'
[6.839s] Level 1:colcon.colcon_core.environment:checking '/home/ros/ros2_ws/install/follow_waypoints/bin'
[6.839s] Level 1:colcon.colcon_core.environment:checking '/home/ros/ros2_ws/install/follow_waypoints/lib/pkgconfig/follow_waypoints.pc'
[6.839s] Level 1:colcon.colcon_core.environment:checking '/home/ros/ros2_ws/install/follow_waypoints/lib/python3.10/site-packages'
[6.839s] Level 1:colcon.colcon_core.shell:create_environment_hook('follow_waypoints', 'pythonpath')
[6.840s] INFO:colcon.colcon_core.shell:Creating environment hook '/home/ros/ros2_ws/install/follow_waypoints/share/follow_waypoints/hook/pythonpath.ps1'
[6.840s] INFO:colcon.colcon_core.shell:Creating environment descriptor '/home/ros/ros2_ws/install/follow_waypoints/share/follow_waypoints/hook/pythonpath.dsv'
[6.840s] INFO:colcon.colcon_core.shell:Creating environment hook '/home/ros/ros2_ws/install/follow_waypoints/share/follow_waypoints/hook/pythonpath.sh'
[6.841s] Level 1:colcon.colcon_core.environment:checking '/home/ros/ros2_ws/install/follow_waypoints/bin'
[6.841s] Level 1:colcon.colcon_core.environment:create_environment_scripts_only(follow_waypoints)
[6.841s] INFO:colcon.colcon_core.shell:Creating package script '/home/ros/ros2_ws/install/follow_waypoints/share/follow_waypoints/package.ps1'
[6.842s] INFO:colcon.colcon_core.shell:Creating package descriptor '/home/ros/ros2_ws/install/follow_waypoints/share/follow_waypoints/package.dsv'
[6.842s] INFO:colcon.colcon_core.shell:Creating package script '/home/ros/ros2_ws/install/follow_waypoints/share/follow_waypoints/package.sh'
[6.843s] INFO:colcon.colcon_core.shell:Creating package script '/home/ros/ros2_ws/install/follow_waypoints/share/follow_waypoints/package.bash'
[6.843s] INFO:colcon.colcon_core.shell:Creating package script '/home/ros/ros2_ws/install/follow_waypoints/share/follow_waypoints/package.zsh'
[6.843s] Level 1:colcon.colcon_core.environment:create_file_with_runtime_dependencies(/home/ros/ros2_ws/install/follow_waypoints/share/colcon-core/packages/follow_waypoints)
[6.844s] DEBUG:colcon.colcon_parallel_executor.executor.parallel:closing loop
[6.844s] DEBUG:colcon.colcon_parallel_executor.executor.parallel:loop closed
[6.844s] DEBUG:colcon.colcon_parallel_executor.executor.parallel:run_until_complete finished with '0'
[6.844s] DEBUG:colcon.colcon_core.event_reactor:joining thread
[6.974s] INFO:colcon.colcon_core.plugin_system:Skipping extension 'colcon_notification.desktop_notification.notify_send': Could not find 'notify-send'
[6.974s] INFO:colcon.colcon_core.plugin_system:Skipping extension 'colcon_notification.desktop_notification.terminal_notifier': Not used on non-Darwin systems
[6.974s] INFO:colcon.colcon_core.plugin_system:Skipping extension 'colcon_notification.desktop_notification.win32': Not used on non-Windows systems
[6.974s] INFO:colcon.colcon_notification.desktop_notification:Sending desktop notification using 'notify2'
[6.977s] DEBUG:colcon.colcon_notification.desktop_notification.notify2:Failed to initialize notify2: org.freedesktop.DBus.Error.Spawn.ExecFailed: /usr/bin/dbus-launch terminated abnormally without any error message
[6.977s] DEBUG:colcon.colcon_core.event_reactor:joined thread
[6.977s] INFO:colcon.colcon_core.shell:Creating prefix script '/home/ros/ros2_ws/install/local_setup.ps1'
[6.997s] INFO:colcon.colcon_core.shell:Creating prefix util module '/home/ros/ros2_ws/install/_local_setup_util_ps1.py'
[7.008s] INFO:colcon.colcon_core.shell:Creating prefix chain script '/home/ros/ros2_ws/install/setup.ps1'
[7.010s] INFO:colcon.colcon_core.shell:Creating prefix script '/home/ros/ros2_ws/install/local_setup.sh'
[7.010s] INFO:colcon.colcon_core.shell:Creating prefix util module '/home/ros/ros2_ws/install/_local_setup_util_sh.py'
[7.011s] INFO:colcon.colcon_core.shell:Creating prefix chain script '/home/ros/ros2_ws/install/setup.sh'
[7.012s] INFO:colcon.colcon_core.shell:Creating prefix script '/home/ros/ros2_ws/install/local_setup.bash'
[7.021s] INFO:colcon.colcon_core.shell:Creating prefix chain script '/home/ros/ros2_ws/install/setup.bash'
[7.022s] INFO:colcon.colcon_core.shell:Creating prefix script '/home/ros/ros2_ws/install/local_setup.zsh'
[7.023s] INFO:colcon.colcon_core.shell:Creating prefix chain script '/home/ros/ros2_ws/install/setup.zsh'
