[0.380s] Invoking command in '/home/ros/ros2_ws/build/robot_description': CMAKE_PREFIX_PATH=${CMAKE_PREFIX_PATH}:/home/ros/ros2_ws/install/robot_bringup:/home/ros/ros2_ws/install/follow_waypoints:/opt/ros/humble /usr/bin/cmake /home/ros/ros2_ws/src/robot_description -DAMENT_CMAKE_SYMLINK_INSTALL=1 -DCMAKE_INSTALL_PREFIX=/home/ros/ros2_ws/install/robot_description
[3.293s] -- The C compiler identification is GNU 11.4.0
[4.146s] -- The CXX compiler identification is GNU 11.4.0
[4.247s] -- Detecting C compiler ABI info
[4.487s] -- Detecting C compiler ABI info - done
[4.494s] -- Check for working C compiler: /usr/bin/cc - skipped
[4.494s] -- Detecting C compile features
[4.532s] -- Detecting C compile features - done
[4.565s] -- Detecting CXX compiler ABI info
[4.717s] -- Detecting CXX compiler ABI info - done
[4.721s] -- Check for working CXX compiler: /usr/bin/c++ - skipped
[4.721s] -- Detecting CXX compile features
[4.722s] -- Detecting CXX compile features - done
[4.811s] -- Found ament_cmake: 1.3.12 (/opt/ros/humble/share/ament_cmake/cmake)
[5.028s] -- Found Python3: /usr/bin/python3 (found version "3.10.12") found components: Interpreter 
[5.098s] -- Override CMake install command with custom implementation using symlinks instead of copying resources
[5.255s] -- Found ament_lint_auto: 0.12.14 (/opt/ros/humble/share/ament_lint_auto/cmake)
[5.412s] -- Added test 'lint_cmake' to check CMake code style
[5.413s] -- Added test 'xmllint' to check XML markup files
[5.418s] -- Configuring done
[5.421s] -- Generating done
[5.422s] -- Build files have been written to: /home/ros/ros2_ws/build/robot_description
[5.428s] Invoked command in '/home/ros/ros2_ws/build/robot_description' returned '0': CMAKE_PREFIX_PATH=${CMAKE_PREFIX_PATH}:/home/ros/ros2_ws/install/robot_bringup:/home/ros/ros2_ws/install/follow_waypoints:/opt/ros/humble /usr/bin/cmake /home/ros/ros2_ws/src/robot_description -DAMENT_CMAKE_SYMLINK_INSTALL=1 -DCMAKE_INSTALL_PREFIX=/home/ros/ros2_ws/install/robot_description
[5.429s] Invoking command in '/home/ros/ros2_ws/build/robot_description': CMAKE_PREFIX_PATH=${CMAKE_PREFIX_PATH}:/home/ros/ros2_ws/install/robot_bringup:/home/ros/ros2_ws/install/follow_waypoints:/opt/ros/humble /usr/bin/cmake --build /home/ros/ros2_ws/build/robot_description -- -j16 -l16
[5.496s] Invoked command in '/home/ros/ros2_ws/build/robot_description' returned '0': CMAKE_PREFIX_PATH=${CMAKE_PREFIX_PATH}:/home/ros/ros2_ws/install/robot_bringup:/home/ros/ros2_ws/install/follow_waypoints:/opt/ros/humble /usr/bin/cmake --build /home/ros/ros2_ws/build/robot_description -- -j16 -l16
[5.504s] Invoking command in '/home/ros/ros2_ws/build/robot_description': CMAKE_PREFIX_PATH=${CMAKE_PREFIX_PATH}:/home/ros/ros2_ws/install/robot_bringup:/home/ros/ros2_ws/install/follow_waypoints:/opt/ros/humble /usr/bin/cmake --install /home/ros/ros2_ws/build/robot_description
[5.512s] -- Install configuration: ""
[5.512s] -- Execute custom install script
[5.512s] -- Symlinking: /home/ros/ros2_ws/install/robot_description/share/ament_index/resource_index/package_run_dependencies/robot_description
[5.521s] -- Symlinking: /home/ros/ros2_ws/install/robot_description/share/ament_index/resource_index/parent_prefix_path/robot_description
[5.529s] -- Symlinking: /home/ros/ros2_ws/install/robot_description/share/robot_description/environment/ament_prefix_path.sh
[5.537s] -- Symlinking: /home/ros/ros2_ws/install/robot_description/share/robot_description/environment/ament_prefix_path.dsv
[5.546s] -- Symlinking: /home/ros/ros2_ws/install/robot_description/share/robot_description/environment/path.sh
[5.554s] -- Symlinking: /home/ros/ros2_ws/install/robot_description/share/robot_description/environment/path.dsv
[5.561s] -- Symlinking: /home/ros/ros2_ws/install/robot_description/share/robot_description/local_setup.bash
[5.568s] -- Symlinking: /home/ros/ros2_ws/install/robot_description/share/robot_description/local_setup.sh
[5.575s] -- Symlinking: /home/ros/ros2_ws/install/robot_description/share/robot_description/local_setup.zsh
[5.582s] -- Symlinking: /home/ros/ros2_ws/install/robot_description/share/robot_description/local_setup.dsv
[5.589s] -- Symlinking: /home/ros/ros2_ws/install/robot_description/share/robot_description/package.dsv
[5.596s] -- Symlinking: /home/ros/ros2_ws/install/robot_description/share/ament_index/resource_index/packages/robot_description
[5.603s] -- Symlinking: /home/ros/ros2_ws/install/robot_description/share/robot_description/cmake/robot_descriptionConfig.cmake
[5.611s] -- Symlinking: /home/ros/ros2_ws/install/robot_description/share/robot_description/cmake/robot_descriptionConfig-version.cmake
[5.619s] -- Symlinking: /home/ros/ros2_ws/install/robot_description/share/robot_description/package.xml
[5.630s] Invoked command in '/home/ros/ros2_ws/build/robot_description' returned '0': CMAKE_PREFIX_PATH=${CMAKE_PREFIX_PATH}:/home/ros/ros2_ws/install/robot_bringup:/home/ros/ros2_ws/install/follow_waypoints:/opt/ros/humble /usr/bin/cmake --install /home/ros/ros2_ws/build/robot_description
